// Jest Snapshot v1, https://goo.gl/fbAQLP

exports[`App Component renders without crashing 1`] = `
<DocumentFragment>
  <div
    class="MuiContainer-root MuiContainer-maxWidthLg"
  >
    <div
      class="MuiBox-root MuiBox-root-9"
    >
      <p
        class="MuiTypography-root MuiTypography-body2 MuiTypography-colorTextSecondary MuiTypography-alignCenter"
      >
        Odioboek
      </p>
    </div>
  </div>
</DocumentFragment>
`;
